interactions:
- request:
    body: null
    headers:
      Accept:
      - application/json
      Authorization:
      - Token IlAzb1p1MjRubnlLOFo0SDVaajZPc2JPZWRRcjRYRUxLM3RrUmhsUEFWVTQi.Z1jewg.4VNFOk_5HSHXhgn319zzDh9JVyg
      Content-Type:
      - application/json
    method: GET
    uri: api/v1/submissions
  response: !!python/object:securedrop_client.sdk.JSONResponse
    data:
      submissions:
      - download_url: /api/v1/sources/c0f0153d-0cb0-4ad3-9f0e-f8540891b5c8/submissions/5165913e-cdeb-4142-b4be-0ccd86647327/download
        filename: 1-intricate_hock-msg.gpg
        is_file: false
        is_message: true
        is_read: true
        seen_by:
        - a6e99098-ca63-403c-a76d-38530a2e88dd
        - e7e047d5-aa5e-4afe-9a4f-c24e5f2cec8d
        size: 647
        source_url: /api/v1/sources/c0f0153d-0cb0-4ad3-9f0e-f8540891b5c8
        submission_url: /api/v1/sources/c0f0153d-0cb0-4ad3-9f0e-f8540891b5c8/submissions/5165913e-cdeb-4142-b4be-0ccd86647327
        uuid: 5165913e-cdeb-4142-b4be-0ccd86647327
      - download_url: /api/v1/sources/c0f0153d-0cb0-4ad3-9f0e-f8540891b5c8/submissions/0c00f400-0906-430b-9181-cf7bbdb7c86e/download
        filename: 2-intricate_hock-msg.gpg
        is_file: false
        is_message: true
        is_read: true
        seen_by:
        - e7e047d5-aa5e-4afe-9a4f-c24e5f2cec8d
        size: 766
        source_url: /api/v1/sources/c0f0153d-0cb0-4ad3-9f0e-f8540891b5c8
        submission_url: /api/v1/sources/c0f0153d-0cb0-4ad3-9f0e-f8540891b5c8/submissions/0c00f400-0906-430b-9181-cf7bbdb7c86e
        uuid: 0c00f400-0906-430b-9181-cf7bbdb7c86e
      - download_url: /api/v1/sources/c0f0153d-0cb0-4ad3-9f0e-f8540891b5c8/submissions/fa87ca16-35ef-452a-bb0b-6029cdc126d1/download
        filename: 3-intricate_hock-doc.gz.gpg
        is_file: true
        is_message: false
        is_read: true
        seen_by:
        - e7e047d5-aa5e-4afe-9a4f-c24e5f2cec8d
        size: 650
        source_url: /api/v1/sources/c0f0153d-0cb0-4ad3-9f0e-f8540891b5c8
        submission_url: /api/v1/sources/c0f0153d-0cb0-4ad3-9f0e-f8540891b5c8/submissions/fa87ca16-35ef-452a-bb0b-6029cdc126d1
        uuid: fa87ca16-35ef-452a-bb0b-6029cdc126d1
      - download_url: /api/v1/sources/c0f0153d-0cb0-4ad3-9f0e-f8540891b5c8/submissions/af832b74-c5b6-4ac0-8ffd-385eee99e7a9/download
        filename: 4-intricate_hock-doc.gz.gpg
        is_file: true
        is_message: false
        is_read: true
        seen_by:
        - e7e047d5-aa5e-4afe-9a4f-c24e5f2cec8d
        size: 650
        source_url: /api/v1/sources/c0f0153d-0cb0-4ad3-9f0e-f8540891b5c8
        submission_url: /api/v1/sources/c0f0153d-0cb0-4ad3-9f0e-f8540891b5c8/submissions/af832b74-c5b6-4ac0-8ffd-385eee99e7a9
        uuid: af832b74-c5b6-4ac0-8ffd-385eee99e7a9
      - download_url: /api/v1/sources/ee212060-9cd5-4031-b596-581ea15cffa0/submissions/c68298b5-577a-43a5-bbdb-790789c67dec/download
        filename: 1-generational_catchment-msg.gpg
        is_file: false
        is_message: true
        is_read: true
        seen_by:
        - e7e047d5-aa5e-4afe-9a4f-c24e5f2cec8d
        size: 804
        source_url: /api/v1/sources/ee212060-9cd5-4031-b596-581ea15cffa0
        submission_url: /api/v1/sources/ee212060-9cd5-4031-b596-581ea15cffa0/submissions/c68298b5-577a-43a5-bbdb-790789c67dec
        uuid: c68298b5-577a-43a5-bbdb-790789c67dec
      - download_url: /api/v1/sources/ee212060-9cd5-4031-b596-581ea15cffa0/submissions/a6d76866-91a2-4f00-a504-2ad6465626d9/download
        filename: 2-generational_catchment-msg.gpg
        is_file: false
        is_message: true
        is_read: true
        seen_by:
        - e7e047d5-aa5e-4afe-9a4f-c24e5f2cec8d
        size: 710
        source_url: /api/v1/sources/ee212060-9cd5-4031-b596-581ea15cffa0
        submission_url: /api/v1/sources/ee212060-9cd5-4031-b596-581ea15cffa0/submissions/a6d76866-91a2-4f00-a504-2ad6465626d9
        uuid: a6d76866-91a2-4f00-a504-2ad6465626d9
      - download_url: /api/v1/sources/ee212060-9cd5-4031-b596-581ea15cffa0/submissions/436c66e2-378e-4270-bba5-aa70bc678901/download
        filename: 3-generational_catchment-doc.gz.gpg
        is_file: true
        is_message: false
        is_read: true
        seen_by:
        - e7e047d5-aa5e-4afe-9a4f-c24e5f2cec8d
        size: 650
        source_url: /api/v1/sources/ee212060-9cd5-4031-b596-581ea15cffa0
        submission_url: /api/v1/sources/ee212060-9cd5-4031-b596-581ea15cffa0/submissions/436c66e2-378e-4270-bba5-aa70bc678901
        uuid: 436c66e2-378e-4270-bba5-aa70bc678901
      - download_url: /api/v1/sources/ee212060-9cd5-4031-b596-581ea15cffa0/submissions/a4c231a1-64f3-4c5f-a95e-3b9187d4a05a/download
        filename: 4-generational_catchment-doc.gz.gpg
        is_file: true
        is_message: false
        is_read: true
        seen_by:
        - e7e047d5-aa5e-4afe-9a4f-c24e5f2cec8d
        size: 650
        source_url: /api/v1/sources/ee212060-9cd5-4031-b596-581ea15cffa0
        submission_url: /api/v1/sources/ee212060-9cd5-4031-b596-581ea15cffa0/submissions/a4c231a1-64f3-4c5f-a95e-3b9187d4a05a
        uuid: a4c231a1-64f3-4c5f-a95e-3b9187d4a05a
    headers:
      connection: close
      content-length: '5158'
      content-type: application/json
      date: Wed, 11 Dec 2024 00:37:38 GMT
      server: Werkzeug/2.2.3 Python/3.8.10
    status: 200
- request:
    body: null
    headers:
      Accept:
      - application/json
      Authorization:
      - Token IlAzb1p1MjRubnlLOFo0SDVaajZPc2JPZWRRcjRYRUxLM3RrUmhsUEFWVTQi.Z1jewg.4VNFOk_5HSHXhgn319zzDh9JVyg
      Content-Type:
      - application/json
    method: GET
    uri: api/v1/submissions
  response: !!python/object:securedrop_client.sdk.JSONResponse
    data:
      submissions:
      - download_url: /api/v1/sources/c0f0153d-0cb0-4ad3-9f0e-f8540891b5c8/submissions/5165913e-cdeb-4142-b4be-0ccd86647327/download
        filename: 1-intricate_hock-msg.gpg
        is_file: false
        is_message: true
        is_read: true
        seen_by:
        - a6e99098-ca63-403c-a76d-38530a2e88dd
        - e7e047d5-aa5e-4afe-9a4f-c24e5f2cec8d
        size: 647
        source_url: /api/v1/sources/c0f0153d-0cb0-4ad3-9f0e-f8540891b5c8
        submission_url: /api/v1/sources/c0f0153d-0cb0-4ad3-9f0e-f8540891b5c8/submissions/5165913e-cdeb-4142-b4be-0ccd86647327
        uuid: 5165913e-cdeb-4142-b4be-0ccd86647327
      - download_url: /api/v1/sources/c0f0153d-0cb0-4ad3-9f0e-f8540891b5c8/submissions/0c00f400-0906-430b-9181-cf7bbdb7c86e/download
        filename: 2-intricate_hock-msg.gpg
        is_file: false
        is_message: true
        is_read: true
        seen_by:
        - e7e047d5-aa5e-4afe-9a4f-c24e5f2cec8d
        size: 766
        source_url: /api/v1/sources/c0f0153d-0cb0-4ad3-9f0e-f8540891b5c8
        submission_url: /api/v1/sources/c0f0153d-0cb0-4ad3-9f0e-f8540891b5c8/submissions/0c00f400-0906-430b-9181-cf7bbdb7c86e
        uuid: 0c00f400-0906-430b-9181-cf7bbdb7c86e
      - download_url: /api/v1/sources/c0f0153d-0cb0-4ad3-9f0e-f8540891b5c8/submissions/fa87ca16-35ef-452a-bb0b-6029cdc126d1/download
        filename: 3-intricate_hock-doc.gz.gpg
        is_file: true
        is_message: false
        is_read: true
        seen_by:
        - e7e047d5-aa5e-4afe-9a4f-c24e5f2cec8d
        size: 650
        source_url: /api/v1/sources/c0f0153d-0cb0-4ad3-9f0e-f8540891b5c8
        submission_url: /api/v1/sources/c0f0153d-0cb0-4ad3-9f0e-f8540891b5c8/submissions/fa87ca16-35ef-452a-bb0b-6029cdc126d1
        uuid: fa87ca16-35ef-452a-bb0b-6029cdc126d1
      - download_url: /api/v1/sources/c0f0153d-0cb0-4ad3-9f0e-f8540891b5c8/submissions/af832b74-c5b6-4ac0-8ffd-385eee99e7a9/download
        filename: 4-intricate_hock-doc.gz.gpg
        is_file: true
        is_message: false
        is_read: true
        seen_by:
        - e7e047d5-aa5e-4afe-9a4f-c24e5f2cec8d
        size: 650
        source_url: /api/v1/sources/c0f0153d-0cb0-4ad3-9f0e-f8540891b5c8
        submission_url: /api/v1/sources/c0f0153d-0cb0-4ad3-9f0e-f8540891b5c8/submissions/af832b74-c5b6-4ac0-8ffd-385eee99e7a9
        uuid: af832b74-c5b6-4ac0-8ffd-385eee99e7a9
      - download_url: /api/v1/sources/ee212060-9cd5-4031-b596-581ea15cffa0/submissions/c68298b5-577a-43a5-bbdb-790789c67dec/download
        filename: 1-generational_catchment-msg.gpg
        is_file: false
        is_message: true
        is_read: true
        seen_by:
        - e7e047d5-aa5e-4afe-9a4f-c24e5f2cec8d
        size: 804
        source_url: /api/v1/sources/ee212060-9cd5-4031-b596-581ea15cffa0
        submission_url: /api/v1/sources/ee212060-9cd5-4031-b596-581ea15cffa0/submissions/c68298b5-577a-43a5-bbdb-790789c67dec
        uuid: c68298b5-577a-43a5-bbdb-790789c67dec
      - download_url: /api/v1/sources/ee212060-9cd5-4031-b596-581ea15cffa0/submissions/a6d76866-91a2-4f00-a504-2ad6465626d9/download
        filename: 2-generational_catchment-msg.gpg
        is_file: false
        is_message: true
        is_read: true
        seen_by:
        - e7e047d5-aa5e-4afe-9a4f-c24e5f2cec8d
        size: 710
        source_url: /api/v1/sources/ee212060-9cd5-4031-b596-581ea15cffa0
        submission_url: /api/v1/sources/ee212060-9cd5-4031-b596-581ea15cffa0/submissions/a6d76866-91a2-4f00-a504-2ad6465626d9
        uuid: a6d76866-91a2-4f00-a504-2ad6465626d9
      - download_url: /api/v1/sources/ee212060-9cd5-4031-b596-581ea15cffa0/submissions/436c66e2-378e-4270-bba5-aa70bc678901/download
        filename: 3-generational_catchment-doc.gz.gpg
        is_file: true
        is_message: false
        is_read: true
        seen_by:
        - e7e047d5-aa5e-4afe-9a4f-c24e5f2cec8d
        size: 650
        source_url: /api/v1/sources/ee212060-9cd5-4031-b596-581ea15cffa0
        submission_url: /api/v1/sources/ee212060-9cd5-4031-b596-581ea15cffa0/submissions/436c66e2-378e-4270-bba5-aa70bc678901
        uuid: 436c66e2-378e-4270-bba5-aa70bc678901
      - download_url: /api/v1/sources/ee212060-9cd5-4031-b596-581ea15cffa0/submissions/a4c231a1-64f3-4c5f-a95e-3b9187d4a05a/download
        filename: 4-generational_catchment-doc.gz.gpg
        is_file: true
        is_message: false
        is_read: true
        seen_by:
        - e7e047d5-aa5e-4afe-9a4f-c24e5f2cec8d
        size: 650
        source_url: /api/v1/sources/ee212060-9cd5-4031-b596-581ea15cffa0
        submission_url: /api/v1/sources/ee212060-9cd5-4031-b596-581ea15cffa0/submissions/a4c231a1-64f3-4c5f-a95e-3b9187d4a05a
        uuid: a4c231a1-64f3-4c5f-a95e-3b9187d4a05a
    headers:
      connection: close
      content-length: '5158'
      content-type: application/json
      date: Wed, 11 Dec 2024 00:37:38 GMT
      server: Werkzeug/2.2.3 Python/3.8.10
    status: 200
- request:
    body: null
    headers:
      Accept:
      - application/json
      Authorization:
      - Token IlAzb1p1MjRubnlLOFo0SDVaajZPc2JPZWRRcjRYRUxLM3RrUmhsUEFWVTQi.Z1jewg.4VNFOk_5HSHXhgn319zzDh9JVyg
      Content-Type:
      - application/json
    method: DELETE
    uri: api/v1/sources/c0f0153d-0cb0-4ad3-9f0e-f8540891b5c8/submissions/5165913e-cdeb-4142-b4be-0ccd86647327
  response: !!python/object:securedrop_client.sdk.JSONResponse
    data:
      message: Submission deleted
    headers:
      connection: close
      content-length: '38'
      content-type: application/json
      date: Wed, 11 Dec 2024 00:37:39 GMT
      server: Werkzeug/2.2.3 Python/3.8.10
    status: 200
- request:
    body: null
    headers:
      Accept:
      - application/json
      Authorization:
      - Token IlAzb1p1MjRubnlLOFo0SDVaajZPc2JPZWRRcjRYRUxLM3RrUmhsUEFWVTQi.Z1jewg.4VNFOk_5HSHXhgn319zzDh9JVyg
      Content-Type:
      - application/json
    method: GET
    uri: api/v1/submissions
  response: !!python/object:securedrop_client.sdk.JSONResponse
    data:
      submissions:
      - download_url: /api/v1/sources/c0f0153d-0cb0-4ad3-9f0e-f8540891b5c8/submissions/0c00f400-0906-430b-9181-cf7bbdb7c86e/download
        filename: 2-intricate_hock-msg.gpg
        is_file: false
        is_message: true
        is_read: true
        seen_by:
        - e7e047d5-aa5e-4afe-9a4f-c24e5f2cec8d
        size: 766
        source_url: /api/v1/sources/c0f0153d-0cb0-4ad3-9f0e-f8540891b5c8
        submission_url: /api/v1/sources/c0f0153d-0cb0-4ad3-9f0e-f8540891b5c8/submissions/0c00f400-0906-430b-9181-cf7bbdb7c86e
        uuid: 0c00f400-0906-430b-9181-cf7bbdb7c86e
      - download_url: /api/v1/sources/c0f0153d-0cb0-4ad3-9f0e-f8540891b5c8/submissions/fa87ca16-35ef-452a-bb0b-6029cdc126d1/download
        filename: 3-intricate_hock-doc.gz.gpg
        is_file: true
        is_message: false
        is_read: true
        seen_by:
        - e7e047d5-aa5e-4afe-9a4f-c24e5f2cec8d
        size: 650
        source_url: /api/v1/sources/c0f0153d-0cb0-4ad3-9f0e-f8540891b5c8
        submission_url: /api/v1/sources/c0f0153d-0cb0-4ad3-9f0e-f8540891b5c8/submissions/fa87ca16-35ef-452a-bb0b-6029cdc126d1
        uuid: fa87ca16-35ef-452a-bb0b-6029cdc126d1
      - download_url: /api/v1/sources/c0f0153d-0cb0-4ad3-9f0e-f8540891b5c8/submissions/af832b74-c5b6-4ac0-8ffd-385eee99e7a9/download
        filename: 4-intricate_hock-doc.gz.gpg
        is_file: true
        is_message: false
        is_read: true
        seen_by:
        - e7e047d5-aa5e-4afe-9a4f-c24e5f2cec8d
        size: 650
        source_url: /api/v1/sources/c0f0153d-0cb0-4ad3-9f0e-f8540891b5c8
        submission_url: /api/v1/sources/c0f0153d-0cb0-4ad3-9f0e-f8540891b5c8/submissions/af832b74-c5b6-4ac0-8ffd-385eee99e7a9
        uuid: af832b74-c5b6-4ac0-8ffd-385eee99e7a9
      - download_url: /api/v1/sources/ee212060-9cd5-4031-b596-581ea15cffa0/submissions/c68298b5-577a-43a5-bbdb-790789c67dec/download
        filename: 1-generational_catchment-msg.gpg
        is_file: false
        is_message: true
        is_read: true
        seen_by:
        - e7e047d5-aa5e-4afe-9a4f-c24e5f2cec8d
        size: 804
        source_url: /api/v1/sources/ee212060-9cd5-4031-b596-581ea15cffa0
        submission_url: /api/v1/sources/ee212060-9cd5-4031-b596-581ea15cffa0/submissions/c68298b5-577a-43a5-bbdb-790789c67dec
        uuid: c68298b5-577a-43a5-bbdb-790789c67dec
      - download_url: /api/v1/sources/ee212060-9cd5-4031-b596-581ea15cffa0/submissions/a6d76866-91a2-4f00-a504-2ad6465626d9/download
        filename: 2-generational_catchment-msg.gpg
        is_file: false
        is_message: true
        is_read: true
        seen_by:
        - e7e047d5-aa5e-4afe-9a4f-c24e5f2cec8d
        size: 710
        source_url: /api/v1/sources/ee212060-9cd5-4031-b596-581ea15cffa0
        submission_url: /api/v1/sources/ee212060-9cd5-4031-b596-581ea15cffa0/submissions/a6d76866-91a2-4f00-a504-2ad6465626d9
        uuid: a6d76866-91a2-4f00-a504-2ad6465626d9
      - download_url: /api/v1/sources/ee212060-9cd5-4031-b596-581ea15cffa0/submissions/436c66e2-378e-4270-bba5-aa70bc678901/download
        filename: 3-generational_catchment-doc.gz.gpg
        is_file: true
        is_message: false
        is_read: true
        seen_by:
        - e7e047d5-aa5e-4afe-9a4f-c24e5f2cec8d
        size: 650
        source_url: /api/v1/sources/ee212060-9cd5-4031-b596-581ea15cffa0
        submission_url: /api/v1/sources/ee212060-9cd5-4031-b596-581ea15cffa0/submissions/436c66e2-378e-4270-bba5-aa70bc678901
        uuid: 436c66e2-378e-4270-bba5-aa70bc678901
      - download_url: /api/v1/sources/ee212060-9cd5-4031-b596-581ea15cffa0/submissions/a4c231a1-64f3-4c5f-a95e-3b9187d4a05a/download
        filename: 4-generational_catchment-doc.gz.gpg
        is_file: true
        is_message: false
        is_read: true
        seen_by:
        - e7e047d5-aa5e-4afe-9a4f-c24e5f2cec8d
        size: 650
        source_url: /api/v1/sources/ee212060-9cd5-4031-b596-581ea15cffa0
        submission_url: /api/v1/sources/ee212060-9cd5-4031-b596-581ea15cffa0/submissions/a4c231a1-64f3-4c5f-a95e-3b9187d4a05a
        uuid: a4c231a1-64f3-4c5f-a95e-3b9187d4a05a
    headers:
      connection: close
      content-length: '4479'
      content-type: application/json
      date: Wed, 11 Dec 2024 00:37:39 GMT
      server: Werkzeug/2.2.3 Python/3.8.10
    status: 200
- request:
    body: null
    headers:
      Accept:
      - application/json
      Authorization:
      - Token IlAzb1p1MjRubnlLOFo0SDVaajZPc2JPZWRRcjRYRUxLM3RrUmhsUEFWVTQi.Z1jewg.4VNFOk_5HSHXhgn319zzDh9JVyg
      Content-Type:
      - application/json
    method: GET
    uri: api/v1/submissions
  response: !!python/object:securedrop_client.sdk.JSONResponse
    data:
      submissions:
      - download_url: /api/v1/sources/c0f0153d-0cb0-4ad3-9f0e-f8540891b5c8/submissions/0c00f400-0906-430b-9181-cf7bbdb7c86e/download
        filename: 2-intricate_hock-msg.gpg
        is_file: false
        is_message: true
        is_read: true
        seen_by:
        - e7e047d5-aa5e-4afe-9a4f-c24e5f2cec8d
        size: 766
        source_url: /api/v1/sources/c0f0153d-0cb0-4ad3-9f0e-f8540891b5c8
        submission_url: /api/v1/sources/c0f0153d-0cb0-4ad3-9f0e-f8540891b5c8/submissions/0c00f400-0906-430b-9181-cf7bbdb7c86e
        uuid: 0c00f400-0906-430b-9181-cf7bbdb7c86e
      - download_url: /api/v1/sources/c0f0153d-0cb0-4ad3-9f0e-f8540891b5c8/submissions/fa87ca16-35ef-452a-bb0b-6029cdc126d1/download
        filename: 3-intricate_hock-doc.gz.gpg
        is_file: true
        is_message: false
        is_read: true
        seen_by:
        - e7e047d5-aa5e-4afe-9a4f-c24e5f2cec8d
        size: 650
        source_url: /api/v1/sources/c0f0153d-0cb0-4ad3-9f0e-f8540891b5c8
        submission_url: /api/v1/sources/c0f0153d-0cb0-4ad3-9f0e-f8540891b5c8/submissions/fa87ca16-35ef-452a-bb0b-6029cdc126d1
        uuid: fa87ca16-35ef-452a-bb0b-6029cdc126d1
      - download_url: /api/v1/sources/c0f0153d-0cb0-4ad3-9f0e-f8540891b5c8/submissions/af832b74-c5b6-4ac0-8ffd-385eee99e7a9/download
        filename: 4-intricate_hock-doc.gz.gpg
        is_file: true
        is_message: false
        is_read: true
        seen_by:
        - e7e047d5-aa5e-4afe-9a4f-c24e5f2cec8d
        size: 650
        source_url: /api/v1/sources/c0f0153d-0cb0-4ad3-9f0e-f8540891b5c8
        submission_url: /api/v1/sources/c0f0153d-0cb0-4ad3-9f0e-f8540891b5c8/submissions/af832b74-c5b6-4ac0-8ffd-385eee99e7a9
        uuid: af832b74-c5b6-4ac0-8ffd-385eee99e7a9
      - download_url: /api/v1/sources/ee212060-9cd5-4031-b596-581ea15cffa0/submissions/c68298b5-577a-43a5-bbdb-790789c67dec/download
        filename: 1-generational_catchment-msg.gpg
        is_file: false
        is_message: true
        is_read: true
        seen_by:
        - e7e047d5-aa5e-4afe-9a4f-c24e5f2cec8d
        size: 804
        source_url: /api/v1/sources/ee212060-9cd5-4031-b596-581ea15cffa0
        submission_url: /api/v1/sources/ee212060-9cd5-4031-b596-581ea15cffa0/submissions/c68298b5-577a-43a5-bbdb-790789c67dec
        uuid: c68298b5-577a-43a5-bbdb-790789c67dec
      - download_url: /api/v1/sources/ee212060-9cd5-4031-b596-581ea15cffa0/submissions/a6d76866-91a2-4f00-a504-2ad6465626d9/download
        filename: 2-generational_catchment-msg.gpg
        is_file: false
        is_message: true
        is_read: true
        seen_by:
        - e7e047d5-aa5e-4afe-9a4f-c24e5f2cec8d
        size: 710
        source_url: /api/v1/sources/ee212060-9cd5-4031-b596-581ea15cffa0
        submission_url: /api/v1/sources/ee212060-9cd5-4031-b596-581ea15cffa0/submissions/a6d76866-91a2-4f00-a504-2ad6465626d9
        uuid: a6d76866-91a2-4f00-a504-2ad6465626d9
      - download_url: /api/v1/sources/ee212060-9cd5-4031-b596-581ea15cffa0/submissions/436c66e2-378e-4270-bba5-aa70bc678901/download
        filename: 3-generational_catchment-doc.gz.gpg
        is_file: true
        is_message: false
        is_read: true
        seen_by:
        - e7e047d5-aa5e-4afe-9a4f-c24e5f2cec8d
        size: 650
        source_url: /api/v1/sources/ee212060-9cd5-4031-b596-581ea15cffa0
        submission_url: /api/v1/sources/ee212060-9cd5-4031-b596-581ea15cffa0/submissions/436c66e2-378e-4270-bba5-aa70bc678901
        uuid: 436c66e2-378e-4270-bba5-aa70bc678901
      - download_url: /api/v1/sources/ee212060-9cd5-4031-b596-581ea15cffa0/submissions/a4c231a1-64f3-4c5f-a95e-3b9187d4a05a/download
        filename: 4-generational_catchment-doc.gz.gpg
        is_file: true
        is_message: false
        is_read: true
        seen_by:
        - e7e047d5-aa5e-4afe-9a4f-c24e5f2cec8d
        size: 650
        source_url: /api/v1/sources/ee212060-9cd5-4031-b596-581ea15cffa0
        submission_url: /api/v1/sources/ee212060-9cd5-4031-b596-581ea15cffa0/submissions/a4c231a1-64f3-4c5f-a95e-3b9187d4a05a
        uuid: a4c231a1-64f3-4c5f-a95e-3b9187d4a05a
    headers:
      connection: close
      content-length: '4479'
      content-type: application/json
      date: Wed, 11 Dec 2024 00:37:39 GMT
      server: Werkzeug/2.2.3 Python/3.8.10
    status: 200
- request:
    body: null
    headers:
      Accept:
      - application/json
      Authorization:
      - Token IlAzb1p1MjRubnlLOFo0SDVaajZPc2JPZWRRcjRYRUxLM3RrUmhsUEFWVTQi.Z1jewg.4VNFOk_5HSHXhgn319zzDh9JVyg
      Content-Type:
      - application/json
    method: GET
    uri: api/v1/submissions
  response: !!python/object:securedrop_client.sdk.JSONResponse
    data:
      submissions:
      - download_url: /api/v1/sources/c0f0153d-0cb0-4ad3-9f0e-f8540891b5c8/submissions/0c00f400-0906-430b-9181-cf7bbdb7c86e/download
        filename: 2-intricate_hock-msg.gpg
        is_file: false
        is_message: true
        is_read: true
        seen_by:
        - e7e047d5-aa5e-4afe-9a4f-c24e5f2cec8d
        size: 766
        source_url: /api/v1/sources/c0f0153d-0cb0-4ad3-9f0e-f8540891b5c8
        submission_url: /api/v1/sources/c0f0153d-0cb0-4ad3-9f0e-f8540891b5c8/submissions/0c00f400-0906-430b-9181-cf7bbdb7c86e
        uuid: 0c00f400-0906-430b-9181-cf7bbdb7c86e
      - download_url: /api/v1/sources/c0f0153d-0cb0-4ad3-9f0e-f8540891b5c8/submissions/fa87ca16-35ef-452a-bb0b-6029cdc126d1/download
        filename: 3-intricate_hock-doc.gz.gpg
        is_file: true
        is_message: false
        is_read: true
        seen_by:
        - e7e047d5-aa5e-4afe-9a4f-c24e5f2cec8d
        size: 650
        source_url: /api/v1/sources/c0f0153d-0cb0-4ad3-9f0e-f8540891b5c8
        submission_url: /api/v1/sources/c0f0153d-0cb0-4ad3-9f0e-f8540891b5c8/submissions/fa87ca16-35ef-452a-bb0b-6029cdc126d1
        uuid: fa87ca16-35ef-452a-bb0b-6029cdc126d1
      - download_url: /api/v1/sources/c0f0153d-0cb0-4ad3-9f0e-f8540891b5c8/submissions/af832b74-c5b6-4ac0-8ffd-385eee99e7a9/download
        filename: 4-intricate_hock-doc.gz.gpg
        is_file: true
        is_message: false
        is_read: true
        seen_by:
        - e7e047d5-aa5e-4afe-9a4f-c24e5f2cec8d
        size: 650
        source_url: /api/v1/sources/c0f0153d-0cb0-4ad3-9f0e-f8540891b5c8
        submission_url: /api/v1/sources/c0f0153d-0cb0-4ad3-9f0e-f8540891b5c8/submissions/af832b74-c5b6-4ac0-8ffd-385eee99e7a9
        uuid: af832b74-c5b6-4ac0-8ffd-385eee99e7a9
      - download_url: /api/v1/sources/ee212060-9cd5-4031-b596-581ea15cffa0/submissions/c68298b5-577a-43a5-bbdb-790789c67dec/download
        filename: 1-generational_catchment-msg.gpg
        is_file: false
        is_message: true
        is_read: true
        seen_by:
        - e7e047d5-aa5e-4afe-9a4f-c24e5f2cec8d
        size: 804
        source_url: /api/v1/sources/ee212060-9cd5-4031-b596-581ea15cffa0
        submission_url: /api/v1/sources/ee212060-9cd5-4031-b596-581ea15cffa0/submissions/c68298b5-577a-43a5-bbdb-790789c67dec
        uuid: c68298b5-577a-43a5-bbdb-790789c67dec
      - download_url: /api/v1/sources/ee212060-9cd5-4031-b596-581ea15cffa0/submissions/a6d76866-91a2-4f00-a504-2ad6465626d9/download
        filename: 2-generational_catchment-msg.gpg
        is_file: false
        is_message: true
        is_read: true
        seen_by:
        - e7e047d5-aa5e-4afe-9a4f-c24e5f2cec8d
        size: 710
        source_url: /api/v1/sources/ee212060-9cd5-4031-b596-581ea15cffa0
        submission_url: /api/v1/sources/ee212060-9cd5-4031-b596-581ea15cffa0/submissions/a6d76866-91a2-4f00-a504-2ad6465626d9
        uuid: a6d76866-91a2-4f00-a504-2ad6465626d9
      - download_url: /api/v1/sources/ee212060-9cd5-4031-b596-581ea15cffa0/submissions/436c66e2-378e-4270-bba5-aa70bc678901/download
        filename: 3-generational_catchment-doc.gz.gpg
        is_file: true
        is_message: false
        is_read: true
        seen_by:
        - e7e047d5-aa5e-4afe-9a4f-c24e5f2cec8d
        size: 650
        source_url: /api/v1/sources/ee212060-9cd5-4031-b596-581ea15cffa0
        submission_url: /api/v1/sources/ee212060-9cd5-4031-b596-581ea15cffa0/submissions/436c66e2-378e-4270-bba5-aa70bc678901
        uuid: 436c66e2-378e-4270-bba5-aa70bc678901
      - download_url: /api/v1/sources/ee212060-9cd5-4031-b596-581ea15cffa0/submissions/a4c231a1-64f3-4c5f-a95e-3b9187d4a05a/download
        filename: 4-generational_catchment-doc.gz.gpg
        is_file: true
        is_message: false
        is_read: true
        seen_by:
        - e7e047d5-aa5e-4afe-9a4f-c24e5f2cec8d
        size: 650
        source_url: /api/v1/sources/ee212060-9cd5-4031-b596-581ea15cffa0
        submission_url: /api/v1/sources/ee212060-9cd5-4031-b596-581ea15cffa0/submissions/a4c231a1-64f3-4c5f-a95e-3b9187d4a05a
        uuid: a4c231a1-64f3-4c5f-a95e-3b9187d4a05a
    headers:
      connection: close
      content-length: '4479'
      content-type: application/json
      date: Wed, 11 Dec 2024 00:37:39 GMT
      server: Werkzeug/2.2.3 Python/3.8.10
    status: 200
- request:
    body: null
    headers:
      Accept:
      - application/json
      Authorization:
      - Token IlAzb1p1MjRubnlLOFo0SDVaajZPc2JPZWRRcjRYRUxLM3RrUmhsUEFWVTQi.Z1jewg.4VNFOk_5HSHXhgn319zzDh9JVyg
      Content-Type:
      - application/json
    method: GET
    uri: api/v1/submissions
  response: !!python/object:securedrop_client.sdk.JSONResponse
    data:
      submissions:
      - download_url: /api/v1/sources/c0f0153d-0cb0-4ad3-9f0e-f8540891b5c8/submissions/0c00f400-0906-430b-9181-cf7bbdb7c86e/download
        filename: 2-intricate_hock-msg.gpg
        is_file: false
        is_message: true
        is_read: true
        seen_by:
        - e7e047d5-aa5e-4afe-9a4f-c24e5f2cec8d
        size: 766
        source_url: /api/v1/sources/c0f0153d-0cb0-4ad3-9f0e-f8540891b5c8
        submission_url: /api/v1/sources/c0f0153d-0cb0-4ad3-9f0e-f8540891b5c8/submissions/0c00f400-0906-430b-9181-cf7bbdb7c86e
        uuid: 0c00f400-0906-430b-9181-cf7bbdb7c86e
      - download_url: /api/v1/sources/c0f0153d-0cb0-4ad3-9f0e-f8540891b5c8/submissions/fa87ca16-35ef-452a-bb0b-6029cdc126d1/download
        filename: 3-intricate_hock-doc.gz.gpg
        is_file: true
        is_message: false
        is_read: true
        seen_by:
        - e7e047d5-aa5e-4afe-9a4f-c24e5f2cec8d
        size: 650
        source_url: /api/v1/sources/c0f0153d-0cb0-4ad3-9f0e-f8540891b5c8
        submission_url: /api/v1/sources/c0f0153d-0cb0-4ad3-9f0e-f8540891b5c8/submissions/fa87ca16-35ef-452a-bb0b-6029cdc126d1
        uuid: fa87ca16-35ef-452a-bb0b-6029cdc126d1
      - download_url: /api/v1/sources/c0f0153d-0cb0-4ad3-9f0e-f8540891b5c8/submissions/af832b74-c5b6-4ac0-8ffd-385eee99e7a9/download
        filename: 4-intricate_hock-doc.gz.gpg
        is_file: true
        is_message: false
        is_read: true
        seen_by:
        - e7e047d5-aa5e-4afe-9a4f-c24e5f2cec8d
        size: 650
        source_url: /api/v1/sources/c0f0153d-0cb0-4ad3-9f0e-f8540891b5c8
        submission_url: /api/v1/sources/c0f0153d-0cb0-4ad3-9f0e-f8540891b5c8/submissions/af832b74-c5b6-4ac0-8ffd-385eee99e7a9
        uuid: af832b74-c5b6-4ac0-8ffd-385eee99e7a9
      - download_url: /api/v1/sources/ee212060-9cd5-4031-b596-581ea15cffa0/submissions/c68298b5-577a-43a5-bbdb-790789c67dec/download
        filename: 1-generational_catchment-msg.gpg
        is_file: false
        is_message: true
        is_read: true
        seen_by:
        - e7e047d5-aa5e-4afe-9a4f-c24e5f2cec8d
        size: 804
        source_url: /api/v1/sources/ee212060-9cd5-4031-b596-581ea15cffa0
        submission_url: /api/v1/sources/ee212060-9cd5-4031-b596-581ea15cffa0/submissions/c68298b5-577a-43a5-bbdb-790789c67dec
        uuid: c68298b5-577a-43a5-bbdb-790789c67dec
      - download_url: /api/v1/sources/ee212060-9cd5-4031-b596-581ea15cffa0/submissions/a6d76866-91a2-4f00-a504-2ad6465626d9/download
        filename: 2-generational_catchment-msg.gpg
        is_file: false
        is_message: true
        is_read: true
        seen_by:
        - e7e047d5-aa5e-4afe-9a4f-c24e5f2cec8d
        size: 710
        source_url: /api/v1/sources/ee212060-9cd5-4031-b596-581ea15cffa0
        submission_url: /api/v1/sources/ee212060-9cd5-4031-b596-581ea15cffa0/submissions/a6d76866-91a2-4f00-a504-2ad6465626d9
        uuid: a6d76866-91a2-4f00-a504-2ad6465626d9
      - download_url: /api/v1/sources/ee212060-9cd5-4031-b596-581ea15cffa0/submissions/436c66e2-378e-4270-bba5-aa70bc678901/download
        filename: 3-generational_catchment-doc.gz.gpg
        is_file: true
        is_message: false
        is_read: true
        seen_by:
        - e7e047d5-aa5e-4afe-9a4f-c24e5f2cec8d
        size: 650
        source_url: /api/v1/sources/ee212060-9cd5-4031-b596-581ea15cffa0
        submission_url: /api/v1/sources/ee212060-9cd5-4031-b596-581ea15cffa0/submissions/436c66e2-378e-4270-bba5-aa70bc678901
        uuid: 436c66e2-378e-4270-bba5-aa70bc678901
      - download_url: /api/v1/sources/ee212060-9cd5-4031-b596-581ea15cffa0/submissions/a4c231a1-64f3-4c5f-a95e-3b9187d4a05a/download
        filename: 4-generational_catchment-doc.gz.gpg
        is_file: true
        is_message: false
        is_read: true
        seen_by:
        - e7e047d5-aa5e-4afe-9a4f-c24e5f2cec8d
        size: 650
        source_url: /api/v1/sources/ee212060-9cd5-4031-b596-581ea15cffa0
        submission_url: /api/v1/sources/ee212060-9cd5-4031-b596-581ea15cffa0/submissions/a4c231a1-64f3-4c5f-a95e-3b9187d4a05a
        uuid: a4c231a1-64f3-4c5f-a95e-3b9187d4a05a
    headers:
      connection: close
      content-length: '4479'
      content-type: application/json
      date: Wed, 11 Dec 2024 00:37:39 GMT
      server: Werkzeug/2.2.3 Python/3.8.10
    status: 200
version: 1
